[bonevn.net/index.html]
[backblue.gif]
[fade.gif]
[index.html]
[i.imgur.com/Y4gA0aM.png]
[bonevn.net/assets/js/sweetalert.min.js]
[ajax.googleapis.com/ajax/libs/jquery/3.3.1/jquery.min.js]
[i.imgur.com/k61REq0.png]
[bonevn.net/vps/vps-trial/index.html]
[i.imgur.com/WuYzWPj.png]
[bonevn.net/history-buy/index.html]
[i.imgur.com/fiNzyHu.png]
[bonevn.net/nap-tien/index.html]
[bonevn.net/dang-nhap/index.html]
[bonevn.net/blog/index.html]
[bonevn.net/blog/thong-tin-chi-tiet-ve-cac-tai-khoan-dang-ban-tren-bone-cloud.html]
[i.imgur.com/376pRzX.png]
[bonevn.net/dang-ky/index.html]
[bonevn.net/order/16.html]
[i.imgur.com/XHmf4H2.png]
[bonevn.net/order/14.html]
[bonevn.net/order/13.html]
[i.imgur.com/3pVp4s0.png]
[bonevn.net/order/8.html]
[www.terabox.vn/wp-content/uploads/2018/08/azure.microsoft.com_.png]
[upload.wikimedia.org/wikipedia/commons/thumb/5/5c/AWS_Simple_Icons_AWS_Cloud.svg/1280px-AWS_Simple_Icons_AWS_Cloud.svg.png]
[bonevn.net/vps/vps-us/index.html]
[bonevn.net/assets/js/vendor-all.min.js]
[bonevn.net/vps/vps-vn/index.html]
[bonevn.net/assets/js/ripple.js]
[bonevn.net/assets/js/plugins/bootstrap.min.js]
[bonevn.net/assets/js/pcoded.min.js]
[bonevn.net/assets/js/plugins/prism.js]
[connect.facebook.net/vi_VN/sdk/xfbml.customerchat.js]
[bonevn.net/assets/js/horizontal-menu.js]
[bonevn.net/assets/js/analytics.js]
[bonevn.net/index.html]
[bonevn.net/vps/vps-trial/index.html]
[bonevn.net/history-buy/index.html]
[bonevn.net/nap-tien/index.html]
[bonevn.net/assets/css/plugins/prism-coy.css]
[bonevn.net/assets/css/style.css]
[i.imgur.com/2TIffPX.png]
[bonevn.net/blog/huong-dan-fake-ip-bang-phan-mem-proxifier.html]
[i.imgur.com/w7El6wp.png]
[i.imgur.com/DzVgPKJ.png]
[bonevn.net/blog/huong-dan-thay-doi-port-remote-cua-vps.html]
[bonevn.net/blog/huong-dan-sua-loi-credssp-khi-remote-vps.html]
[i.imgur.com/JzCnibZ.png]
[bonevn.net/blog/index.html]
[bonevn.net/dang-nhap/index.html]
[bonevn.net/dang-ky/index.html]
[bonevn.net/blog/thong-tin-chi-tiet-ve-cac-tai-khoan-dang-ban-tren-bone-cloud.html]
[bonevn.net/order/16.html]
[bonevn.net/order/14.html]
[bonevn.net/order/13.html]
[bonevn.net/order/8.html]
[bonevn.net/order/4]
[bonevn.net/vps/vps-vn/index.html]
[bonevn.net/vps/vps-us/index.html]
[bonevn.net/quen-mat-khau/index.html]
[bonevn.net/order/2]
[bonevn.net/blog/chia-se-link-iso-va-huong-dan-tao-vps-vultr.html]
[connect.facebook.net/vi_VN/sdk/xfbml.customerchat.js]
[bonevn.net/assets/css/plugins/prism-coy.css]
[bonevn.net/assets/css/plugins/animate.min.css]
[bonevn.net/assets/fonts/opensans/mem8YaGs126MiZpBA-UFWJ0bbck.woff2]
[bonevn.net/assets/fonts/opensans/mem8YaGs126MiZpBA-UFUZ0bbck.woff2]
[bonevn.net/assets/fonts/opensans/mem8YaGs126MiZpBA-UFWZ0bbck.woff2]
[bonevn.net/assets/fonts/opensans/mem8YaGs126MiZpBA-UFVp0bbck.woff2]
[bonevn.net/assets/fonts/opensans/mem8YaGs126MiZpBA-UFWp0bbck.woff2]
[bonevn.net/assets/fonts/opensans/mem8YaGs126MiZpBA-UFW50bbck.woff2]
[bonevn.net/assets/fonts/opensans/mem5YaGs126MiZpBA-UNirkOX-hpOqc.woff2]
[bonevn.net/assets/fonts/opensans/mem5YaGs126MiZpBA-UNirkOVuhpOqc.woff2]
[bonevn.net/assets/fonts/opensans/mem5YaGs126MiZpBA-UNirkOXuhpOqc.woff2]
[bonevn.net/assets/fonts/opensans/mem5YaGs126MiZpBA-UNirkOUehpOqc.woff2]
[bonevn.net/assets/fonts/opensans/mem5YaGs126MiZpBA-UNirkOXehpOqc.woff2]
[bonevn.net/assets/fonts/opensans/mem5YaGs126MiZpBA-UNirkOXOhpOqc.woff2]
[bonevn.net/assets/fonts/pct.eot]
[bonevn.net/assets/fonts/pctd41d.eot]
[bonevn.net/assets/fonts/pct.woff]
[bonevn.net/assets/fonts/pct.ttf]
[bonevn.net/assets/fonts/pct.svg]
[bonevn.net/assets/fonts/feather6cfa.eot]
[bonevn.net/assets/fonts/feather6cfa.woff]
[bonevn.net/assets/fonts/feather6cfa.ttf]
[bonevn.net/assets/fonts/feather6cfa.svg]
[bonevn.net/assets/fonts/fa-brands-400.eot]
[bonevn.net/assets/fonts/fa-brands-400d41d.eot]
[bonevn.net/assets/fonts/fa-brands-400.woff2]
[bonevn.net/assets/fonts/fa-brands-400.woff]
[bonevn.net/assets/fonts/fa-brands-400.ttf]
[bonevn.net/assets/fonts/fa-regular-400.eot]
[bonevn.net/assets/fonts/fa-regular-400d41d.eot]
[bonevn.net/assets/fonts/fa-brands-400.svg]
[bonevn.net/assets/fonts/fa-regular-400.woff2]
[bonevn.net/assets/fonts/fa-regular-400.woff]
[bonevn.net/assets/fonts/fa-regular-400.ttf]
[bonevn.net/assets/fonts/fa-regular-400.svg]
[bonevn.net/assets/fonts/fa-solid-900.eot]
[bonevn.net/assets/fonts/fa-solid-900d41d.eot]
[bonevn.net/assets/fonts/fa-solid-900.woff2]
[bonevn.net/assets/fonts/fa-solid-900.woff]
[bonevn.net/assets/fonts/fa-solid-900.ttf]
[bonevn.net/assets/fonts/fa-solid-900.svg]
[bonevn.net/assets/images/widget/slider5.jpg]
[i.imgur.com/MQEsn3m.gif]
[bonevn.net/assets/css/style.css]
[bonevn.net/blog/huong-dan-fake-ip-bang-phan-mem-proxifier.html]
[bonevn.net/blog/huong-dan-thay-doi-port-remote-cua-vps.html]
[bonevn.net/blog/huong-dan-sua-loi-credssp-khi-remote-vps.html]
[bonevn.net/blog/chia-se-link-iso-va-huong-dan-tao-vps-vultr.html]
[bonevn.net/dang-nhap/assets/images/logo-dark.html]
[bonevn.net/quen-mat-khau/index.html]
[bonevn.net/dang-ky/assets/images/logo-dark.html]
[bonevn.net/order/4]
[bonevn.net/order/2]
[bonevn.net/^([^_/indexd41d.html]
[bonevn.net/restserver.html]
[bonevn.net/ABCDEFGHIJKLMNOPQRSTUVWXYZabcdefghijklmnopqrstuvwxyz0123456789+/index.html]
[bonevn.net/GET.html]
[bonevn.net/dialog/index.html]
[bonevn.net/assets/css/plugins/animate.min.css]
[bonevn.net/assets/fonts/pct.svg]
[bonevn.net/assets/fonts/feather6cfa.svg]
[bonevn.net/assets/fonts/fa-brands-400.svg]
[bonevn.net/assets/fonts/fa-regular-400.svg]
[bonevn.net/assets/fonts/fa-solid-900.svg]
[bonevn.net/assets/images/widget/blur-bg.html]
[bonevn.net/assets/images/auth/img-auth-big.html]
[bonevn.net/CredSSP.txt]
[bonevn.net/quen-mat-khau/assets/images/logo-dark.png]
